<testsuites name="results">
  <testsuite name="all" package="all">
    <property name="random_seed" value="1643312357" />
    <testcase name="adder_basic_test" classname="test_alu" file="/Users/surya/Desktop/york/ghdl/test/DigitalDesign/hdl/test/test_alu.py" lineno="11" time="0.0005068778991699219" sim_time_ns="2.001" ratio_time="3947.6962859830664" />
    <testcase name="adder_randomised_test" classname="test_alu" file="/Users/surya/Desktop/york/ghdl/test/DigitalDesign/hdl/test/test_alu.py" lineno="30" time="0.0005202293395996094" sim_time_ns="20.000999999999998" ratio_time="38446.50518056828" />
  </testsuite>
</testsuites>
